// Jest Snapshot v1, https://goo.gl/fbAQLP

exports[`<AuthForm  /> should match snapshot 1`] = `
<div
  class="MuiContainer-root MuiContainer-maxWidthSm"
>
  <form
    class="MuiBox-root MuiBox-root-1"
  >
    <div
      class="MuiBox-root MuiBox-root-2"
    >
      <svg
        class="MuiBox-root MuiBox-root-3"
      >
        logo.svg
      </svg>
      <div
        class="MuiBox-root MuiBox-root-4"
      >
        <div
          class="MuiFormControl-root MuiTextField-root MuiFormControl-marginDense MuiFormControl-fullWidth"
        >
          <label
            class="MuiFormLabel-root MuiInputLabel-root MuiInputLabel-formControl MuiInputLabel-animated MuiInputLabel-shrink MuiInputLabel-marginDense MuiInputLabel-outlined Mui-required Mui-required"
            data-shrink="true"
          >
            E-mail
            <span
              aria-hidden="true"
              class="MuiFormLabel-asterisk MuiInputLabel-asterisk"
            >
               
              *
            </span>
          </label>
          <div
            class="MuiInputBase-root MuiOutlinedInput-root MuiInputBase-fullWidth MuiInputBase-formControl MuiInputBase-marginDense MuiOutlinedInput-marginDense"
          >
            <input
              aria-invalid="false"
              class="MuiInputBase-input MuiOutlinedInput-input MuiInputBase-inputMarginDense MuiOutlinedInput-inputMarginDense"
              placeholder="E-mail"
              required=""
              type="email"
              value=""
            />
            <fieldset
              aria-hidden="true"
              class="PrivateNotchedOutline-root-5 MuiOutlinedInput-notchedOutline"
            >
              <legend
                class="PrivateNotchedOutline-legendLabelled-7 PrivateNotchedOutline-legendNotched-8"
              >
                <span>
                  E-mail
                   *
                </span>
              </legend>
            </fieldset>
          </div>
        </div>
      </div>
      <div
        class="MuiBox-root MuiBox-root-9"
      >
        <div
          class="MuiFormControl-root MuiTextField-root MuiFormControl-marginDense MuiFormControl-fullWidth"
        >
          <label
            class="MuiFormLabel-root MuiInputLabel-root MuiInputLabel-formControl MuiInputLabel-animated MuiInputLabel-shrink MuiInputLabel-marginDense MuiInputLabel-outlined Mui-required Mui-required"
            data-shrink="true"
          >
            Senha
            <span
              aria-hidden="true"
              class="MuiFormLabel-asterisk MuiInputLabel-asterisk"
            >
               
              *
            </span>
          </label>
          <div
            class="MuiInputBase-root MuiOutlinedInput-root MuiInputBase-fullWidth MuiInputBase-formControl MuiInputBase-marginDense MuiOutlinedInput-marginDense"
          >
            <input
              aria-invalid="false"
              class="MuiInputBase-input MuiOutlinedInput-input MuiInputBase-inputMarginDense MuiOutlinedInput-inputMarginDense"
              placeholder="Senha"
              required=""
              type="password"
              value=""
            />
            <fieldset
              aria-hidden="true"
              class="PrivateNotchedOutline-root-5 MuiOutlinedInput-notchedOutline"
            >
              <legend
                class="PrivateNotchedOutline-legendLabelled-7 PrivateNotchedOutline-legendNotched-8"
              >
                <span>
                  Senha
                   *
                </span>
              </legend>
            </fieldset>
          </div>
        </div>
      </div>
      <button
        class="MuiButtonBase-root MuiButton-root MuiButton-contained MuiButton-containedPrimary MuiButton-fullWidth"
        tabindex="0"
        type="submit"
      >
        <span
          class="MuiButton-label"
        >
          Entrar
        </span>
        <span
          class="MuiTouchRipple-root"
        />
      </button>
    </div>
  </form>
</div>
`;
